2026-09-09 14:18:33,797 INFO o.a.j.u.JMeterUtils: Setting Locale to en_EN
2026-09-09 14:18:33,840 INFO o.a.j.JMeter: Loading user properties from: D:\Aplikasi\jmeter\apache-jmeter-5.6.3\bin\user.properties
2026-09-09 14:18:33,840 INFO o.a.j.JMeter: Loading system properties from: D:\Aplikasi\jmeter\apache-jmeter-5.6.3\bin\system.properties
2026-09-09 14:18:33,850 INFO o.a.j.JMeter: Copyright (c) 1998-2024 The Apache Software Foundation
2026-09-09 14:18:33,850 INFO o.a.j.JMeter: Version 5.6.3
2026-09-09 14:18:33,850 INFO o.a.j.JMeter: java.version=17.0.13
2026-09-09 14:18:33,850 INFO o.a.j.JMeter: java.vm.name=Java HotSpot(TM) 64-Bit Server VM
2026-09-09 14:18:33,850 INFO o.a.j.JMeter: os.name=Windows 11
2026-09-09 14:18:33,850 INFO o.a.j.JMeter: os.arch=amd64
2026-09-09 14:18:33,859 INFO o.a.j.JMeter: os.version=10.0
2026-09-09 14:18:33,859 INFO o.a.j.JMeter: file.encoding=Cp1252
2026-09-09 14:18:33,859 INFO o.a.j.JMeter: java.awt.headless=true
2026-09-09 14:18:33,860 INFO o.a.j.JMeter: Max memory     =1073741824
2026-09-09 14:18:33,860 INFO o.a.j.JMeter: Available Processors =12
2026-09-09 14:18:33,870 INFO o.a.j.JMeter: Default Locale=English (EN)
2026-09-09 14:18:33,870 INFO o.a.j.JMeter: JMeter  Locale=English (EN)
2026-09-09 14:18:33,870 INFO o.a.j.JMeter: JMeterHome=D:\Aplikasi\jmeter\apache-jmeter-5.6.3
2026-09-09 14:18:33,870 INFO o.a.j.JMeter: user.dir  =D:\Aplikasi\jmeter
2026-09-09 14:18:33,870 INFO o.a.j.JMeter: PWD       =D:\Aplikasi\jmeter
2026-09-09 14:18:33,873 INFO o.a.j.JMeter: IP: 10.85.75.79 Name: LAPTOP-B2KHAFA9 FullName: LAPTOP-B2KHAFA9
2026-09-09 14:18:33,892 INFO o.a.j.JMeter: Setting property 'jmeter.reportgenerator.outputdir' to:'D:\Aplikasi\jmeter\html-report'
2026-09-09 14:18:33,900 INFO o.a.j.s.FileServer: Default base='D:\Aplikasi\jmeter'
2026-09-09 14:18:33,902 INFO o.a.j.s.FileServer: Set new base='D:\Aplikasi\jmeter'
2026-09-09 14:18:34,148 INFO o.a.j.s.SaveService: Testplan (JMX) version: 2.2. Testlog (JTL) version: 2.2
2026-09-09 14:18:34,184 INFO o.a.j.s.SaveService: Using SaveService properties version 5.0
2026-09-09 14:18:34,188 INFO o.a.j.s.SaveService: Using SaveService properties file encoding UTF-8
2026-09-09 14:18:34,192 INFO o.a.j.s.SaveService: Loading file: petstore_advanced_test.jmx
2026-09-09 14:18:34,347 INFO o.a.j.p.h.s.HTTPSamplerBase: Parser for text/html is org.apache.jmeter.protocol.http.parser.LagartoBasedHtmlParser
2026-09-09 14:18:34,347 INFO o.a.j.p.h.s.HTTPSamplerBase: Parser for application/xhtml+xml is org.apache.jmeter.protocol.http.parser.LagartoBasedHtmlParser
2026-09-09 14:18:34,347 INFO o.a.j.p.h.s.HTTPSamplerBase: Parser for application/xml is org.apache.jmeter.protocol.http.parser.LagartoBasedHtmlParser
2026-09-09 14:18:34,347 INFO o.a.j.p.h.s.HTTPSamplerBase: Parser for text/xml is org.apache.jmeter.protocol.http.parser.LagartoBasedHtmlParser
2026-09-09 14:18:34,347 INFO o.a.j.p.h.s.HTTPSamplerBase: Parser for text/vnd.wap.wml is org.apache.jmeter.protocol.http.parser.RegexpHTMLParser
2026-09-09 14:18:34,347 INFO o.a.j.p.h.s.HTTPSamplerBase: Parser for text/css is org.apache.jmeter.protocol.http.parser.CssParser
2026-09-09 14:18:34,395 INFO o.a.j.JMeter: Creating summariser <summary>
2026-09-09 14:18:34,400 INFO o.a.j.r.d.ReportGenerator: ReportGenerator will use for Parsing the separator: ','
2026-09-09 14:18:34,402 INFO o.a.j.r.d.ReportGenerator: Will generate report at end of test from  results file: result.jtl
2026-09-09 14:18:34,402 INFO o.a.j.r.d.ReportGenerator: Reading report generator properties from: D:\Aplikasi\jmeter\apache-jmeter-5.6.3\bin\reportgenerator.properties
2026-09-09 14:18:34,429 INFO o.a.j.r.d.ReportGenerator: Merging with JMeter properties
2026-09-09 14:18:34,437 INFO o.a.j.r.c.ReportGeneratorConfiguration: Property 'jmeter.reportgenerator.temp_dir' not found, using default value 'temp' instead.
2026-09-09 14:18:34,444 INFO o.a.j.r.c.ReportGeneratorConfiguration: Property 'jmeter.reportgenerator.apdex_per_transaction' not found, using default value 'null' instead.
2026-09-09 14:18:34,444 INFO o.a.j.r.c.ReportGeneratorConfiguration: apdex_per_transaction is empty, not APDEX per transaction customization
2026-09-09 14:18:34,444 INFO o.a.j.r.c.ReportGeneratorConfiguration: Property 'jmeter.reportgenerator.sample_filter' not found, using default value 'null' instead.
2026-09-09 14:18:34,444 INFO o.a.j.r.c.ReportGeneratorConfiguration: Property 'jmeter.reportgenerator.report_title' not found, using default value 'null' instead.
2026-09-09 14:18:34,444 INFO o.a.j.r.c.ReportGeneratorConfiguration: Property 'jmeter.reportgenerator.start_date' not found, using default value 'null' instead.
2026-09-09 14:18:34,444 INFO o.a.j.r.c.ReportGeneratorConfiguration: Property 'jmeter.reportgenerator.end_date' not found, using default value 'null' instead.
2026-09-09 14:18:34,444 INFO o.a.j.r.c.ReportGeneratorConfiguration: Property 'jmeter.reportgenerator.date_format' not found, using default value 'null' instead.
2026-09-09 14:18:34,444 INFO o.a.j.r.c.ReportGeneratorConfiguration: Will use date range start date: null, end date: null
2026-09-09 14:18:34,457 INFO o.a.j.r.c.ReportGeneratorConfiguration: Property 'jmeter.reportgenerator.graph.totalTPS.exclude_controllers' not found, using default value 'false' instead.
2026-09-09 14:18:34,459 INFO o.a.j.r.c.ReportGeneratorConfiguration: Property 'jmeter.reportgenerator.graph.activeThreadsOverTime.exclude_controllers' not found, using default value 'false' instead.
2026-09-09 14:18:34,460 INFO o.a.j.r.c.ReportGeneratorConfiguration: Property 'jmeter.reportgenerator.graph.timeVsThreads.exclude_controllers' not found, using default value 'false' instead.
2026-09-09 14:18:34,460 INFO o.a.j.r.c.ReportGeneratorConfiguration: Property 'jmeter.reportgenerator.graph.responseTimeDistribution.exclude_controllers' not found, using default value 'false' instead.
2026-09-09 14:18:34,461 INFO o.a.j.r.c.ReportGeneratorConfiguration: Property 'jmeter.reportgenerator.graph.transactionsPerSecond.exclude_controllers' not found, using default value 'false' instead.
2026-09-09 14:18:34,462 INFO o.a.j.r.c.ReportGeneratorConfiguration: Property 'jmeter.reportgenerator.graph.responseTimePercentiles.exclude_controllers' not found, using default value 'false' instead.
2026-09-09 14:18:34,462 INFO o.a.j.r.c.ReportGeneratorConfiguration: Property 'jmeter.reportgenerator.graph.responseTimePercentilesOverTime.exclude_controllers' not found, using default value 'false' instead.
2026-09-09 14:18:34,462 INFO o.a.j.r.c.ReportGeneratorConfiguration: Property 'jmeter.reportgenerator.graph.responseTimesOverTime.exclude_controllers' not found, using default value 'false' instead.
2026-09-09 14:18:34,462 INFO o.a.j.r.c.ReportGeneratorConfiguration: Property 'jmeter.reportgenerator.graph.connectTimeOverTime.exclude_controllers' not found, using default value 'false' instead.
2026-09-09 14:18:34,465 INFO o.a.j.r.c.ReportGeneratorConfiguration: Property 'jmeter.reportgenerator.graph.latenciesOverTime.exclude_controllers' not found, using default value 'false' instead.
2026-09-09 14:18:34,465 INFO o.a.j.r.c.ReportGeneratorConfiguration: Property 'jmeter.reportgenerator.exporter.json.filters_only_sample_series' not found, using default value 'true' instead.
2026-09-09 14:18:34,465 INFO o.a.j.r.c.ReportGeneratorConfiguration: Property 'jmeter.reportgenerator.exporter.json.series_filter' not found, using default value '' instead.
2026-09-09 14:18:34,465 INFO o.a.j.r.c.ReportGeneratorConfiguration: Property 'jmeter.reportgenerator.exporter.json.show_controllers_only' not found, using default value 'false' instead.
2026-09-09 14:18:34,465 INFO o.a.j.r.c.ReportGeneratorConfiguration: Property 'jmeter.reportgenerator.exporter.html.filters_only_sample_series' not found, using default value 'true' instead.
2026-09-09 14:18:34,465 INFO o.a.j.r.c.ReportGeneratorConfiguration: Property 'jmeter.reportgenerator.exporter.html.series_filter' not found, using default value '' instead.
2026-09-09 14:18:34,465 INFO o.a.j.r.c.ReportGeneratorConfiguration: Property 'jmeter.reportgenerator.exporter.html.show_controllers_only' not found, using default value 'false' instead.
2026-09-09 14:18:34,523 INFO o.a.j.e.StandardJMeterEngine: Running the test!
2026-09-09 14:18:34,526 INFO o.a.j.s.SampleEvent: List of sample_variables: []
2026-09-09 14:18:34,526 INFO o.a.j.s.SampleEvent: List of sample_variables: []
2026-09-09 14:18:34,536 INFO o.a.j.e.u.CompoundVariable: Note: Function class names must contain the string: '.functions.'
2026-09-09 14:18:34,536 INFO o.a.j.e.u.CompoundVariable: Note: Function class names must not contain the string: '.gui.'
2026-09-09 14:18:34,660 INFO o.a.j.JMeter: Running test (1788934714660)
2026-09-09 14:18:34,686 INFO o.a.j.e.StandardJMeterEngine: Starting ThreadGroup: 1 : Thread Group
2026-09-09 14:18:34,686 INFO o.a.j.e.StandardJMeterEngine: Starting 10 threads for group Thread Group.
2026-09-09 14:18:34,686 INFO o.a.j.e.StandardJMeterEngine: Thread will continue on error
2026-09-09 14:18:34,686 INFO o.a.j.t.ThreadGroup: Starting thread group... number=1 threads=10 ramp-up=5 delayedStart=false
2026-09-09 14:18:34,702 INFO o.a.j.t.ThreadGroup: Started thread group number 1
2026-09-09 14:18:34,702 INFO o.a.j.e.StandardJMeterEngine: All thread groups have been started
2026-09-09 14:18:34,765 INFO o.a.j.t.JMeterThread: Thread started: Thread Group 1-1
2026-09-09 14:18:34,768 INFO o.a.j.s.FileServer: Stored: D:/Aplikasi/jmeter/pets.csv
2026-09-09 14:18:34,797 INFO o.a.j.p.h.s.HTTPHCAbstractImpl: Local host = LAPTOP-B2KHAFA9
2026-09-09 14:18:34,802 INFO o.a.j.p.h.s.HTTPHC4Impl: HTTP request retry count = 0
2026-09-09 14:18:34,805 INFO o.a.j.s.SampleResult: Note: Sample TimeStamps are START times
2026-09-09 14:18:34,805 INFO o.a.j.s.SampleResult: sampleresult.default.encoding is set to UTF-8
2026-09-09 14:18:34,805 INFO o.a.j.s.SampleResult: sampleresult.useNanoTime=true
2026-09-09 14:18:34,805 INFO o.a.j.s.SampleResult: sampleresult.nanoThreadSleep=5000
2026-09-09 14:18:35,027 INFO o.a.j.p.h.s.h.LazyLayeredConnectionSocketFactory: Setting up HTTPS TrustAll Socket Factory
2026-09-09 14:18:35,037 INFO o.a.j.u.JsseSSLManager: Using default SSL protocol: TLS
2026-09-09 14:18:35,038 INFO o.a.j.u.JsseSSLManager: SSL session context: per-thread
2026-09-09 14:18:35,262 INFO o.a.j.t.JMeterThread: Thread started: Thread Group 1-2
2026-09-09 14:18:35,461 INFO o.a.j.u.SSLManager: JmeterKeyStore Location:  type JKS
2026-09-09 14:18:35,466 INFO o.a.j.u.SSLManager: KeyStore created OK
2026-09-09 14:18:35,466 WARN o.a.j.u.SSLManager: Keystore file not found, loading empty keystore
2026-09-09 14:18:35,762 INFO o.a.j.t.JMeterThread: Thread started: Thread Group 1-3
2026-09-09 14:18:36,258 INFO o.a.j.t.JMeterThread: Thread started: Thread Group 1-4
2026-09-09 14:18:36,756 INFO o.a.j.t.JMeterThread: Thread started: Thread Group 1-5
2026-09-09 14:18:37,256 INFO o.a.j.t.JMeterThread: Thread started: Thread Group 1-6
2026-09-09 14:18:37,754 INFO o.a.j.t.JMeterThread: Thread started: Thread Group 1-7
2026-09-09 14:18:37,886 INFO o.a.j.t.JMeterThread: Thread is done: Thread Group 1-2
2026-09-09 14:18:37,886 INFO o.a.j.t.JMeterThread: Thread is done: Thread Group 1-1
2026-09-09 14:18:37,886 INFO o.a.j.t.JMeterThread: Thread finished: Thread Group 1-2
2026-09-09 14:18:37,886 INFO o.a.j.t.JMeterThread: Thread finished: Thread Group 1-1
2026-09-09 14:18:38,147 INFO o.a.j.t.JMeterThread: Thread is done: Thread Group 1-3
2026-09-09 14:18:38,147 INFO o.a.j.t.JMeterThread: Thread finished: Thread Group 1-3
2026-09-09 14:18:38,253 INFO o.a.j.t.JMeterThread: Thread started: Thread Group 1-8
2026-09-09 14:18:38,551 INFO o.a.j.t.JMeterThread: Thread is done: Thread Group 1-4
2026-09-09 14:18:38,551 INFO o.a.j.t.JMeterThread: Thread finished: Thread Group 1-4
2026-09-09 14:18:38,753 INFO o.a.j.t.JMeterThread: Thread started: Thread Group 1-9
2026-09-09 14:18:39,134 INFO o.a.j.t.JMeterThread: Thread is done: Thread Group 1-5
2026-09-09 14:18:39,134 INFO o.a.j.t.JMeterThread: Thread finished: Thread Group 1-5
2026-09-09 14:18:39,253 INFO o.a.j.t.JMeterThread: Thread started: Thread Group 1-10
2026-09-09 14:18:39,511 INFO o.a.j.t.JMeterThread: Thread is done: Thread Group 1-6
2026-09-09 14:18:39,511 INFO o.a.j.t.JMeterThread: Thread finished: Thread Group 1-6
2026-09-09 14:18:40,173 INFO o.a.j.t.JMeterThread: Thread is done: Thread Group 1-7
2026-09-09 14:18:40,173 INFO o.a.j.t.JMeterThread: Thread finished: Thread Group 1-7
2026-09-09 14:18:40,477 INFO o.a.j.t.JMeterThread: Thread is done: Thread Group 1-8
2026-09-09 14:18:40,477 INFO o.a.j.t.JMeterThread: Thread finished: Thread Group 1-8
2026-09-09 14:18:41,153 INFO o.a.j.t.JMeterThread: Thread is done: Thread Group 1-9
2026-09-09 14:18:41,153 INFO o.a.j.t.JMeterThread: Thread finished: Thread Group 1-9
2026-09-09 14:18:41,869 INFO o.a.j.t.JMeterThread: Thread is done: Thread Group 1-10
2026-09-09 14:18:41,869 INFO o.a.j.t.JMeterThread: Thread finished: Thread Group 1-10
2026-09-09 14:18:41,870 INFO o.a.j.e.StandardJMeterEngine: Notifying test listeners of end of test
2026-09-09 14:18:41,870 INFO o.a.j.s.FileServer: Close: D:/Aplikasi/jmeter/pets.csv
2026-09-09 14:18:41,903 INFO o.a.j.r.Summariser: summary =     40 in 00:00:07 =    5.5/s Avg:   609 Min:   302 Max:  1891 Err:     0 (0.00%)
2026-09-09 14:18:41,907 INFO o.a.j.JMeter: Generating Dashboard
2026-09-09 14:18:41,907 INFO o.a.j.r.d.ReportGenerator: Flushing result collector before report Generation
2026-09-09 14:18:41,974 INFO o.a.j.r.p.NormalizerSampleConsumer: Using format, 'ms', to parse timeStamp field
2026-09-09 14:18:42,082 INFO o.a.j.r.p.AbstractSampleConsumer: class org.apache.jmeter.report.processor.AggregateConsumer#stopProducing(): beginDate produced 0 samples
2026-09-09 14:18:42,082 INFO o.a.j.r.p.AbstractSampleConsumer: class org.apache.jmeter.report.processor.AggregateConsumer#stopProducing(): endDate produced 0 samples
2026-09-09 14:18:42,082 INFO o.a.j.r.p.AbstractSampleConsumer: class org.apache.jmeter.report.processor.ApdexSummaryConsumer#stopProducing(): apdexSummary produced 0 samples
2026-09-09 14:18:42,082 INFO o.a.j.r.p.AbstractSampleConsumer: class org.apache.jmeter.report.processor.RequestsSummaryConsumer#stopProducing(): requestsSummary produced 0 samples
2026-09-09 14:18:42,090 INFO o.a.j.r.p.AbstractSampleConsumer: class org.apache.jmeter.report.processor.StatisticsSummaryConsumer#stopProducing(): statisticsSummary produced 0 samples
2026-09-09 14:18:42,096 INFO o.a.j.r.p.AbstractSampleConsumer: class org.apache.jmeter.report.processor.Top5ErrorsBySamplerConsumer#stopProducing(): top5ErrorsBySampler produced 0 samples
2026-09-09 14:18:42,096 INFO o.a.j.r.p.AbstractSampleConsumer: class org.apache.jmeter.report.processor.ErrorsSummaryConsumer#stopProducing(): errorsSummary produced 0 samples
2026-09-09 14:18:42,096 INFO o.a.j.r.p.AbstractSampleConsumer: class org.apache.jmeter.report.processor.graph.impl.HitsPerSecondGraphConsumer#stopProducing(): hitsPerSecond produced 0 samples
2026-09-09 14:18:42,165 INFO o.a.j.r.p.AbstractSampleConsumer: class org.apache.jmeter.report.processor.graph.impl.LatencyVSRequestGraphConsumer#stopProducing(): latencyVsRequest produced 0 samples
2026-09-09 14:18:42,165 INFO o.a.j.r.p.AbstractSampleConsumer: class org.apache.jmeter.report.processor.graph.impl.SyntheticResponseTimeDistributionGraphConsumer#stopProducing(): syntheticResponseTimeDistribution produced 0 samples
2026-09-09 14:18:42,171 INFO o.a.j.r.p.AbstractSampleConsumer: class org.apache.jmeter.report.processor.graph.impl.BytesThroughputGraphConsumer#stopProducing(): bytesThroughputOverTime produced 0 samples
2026-09-09 14:18:42,171 INFO o.a.j.r.p.AbstractSampleConsumer: class org.apache.jmeter.report.processor.graph.impl.CodesPerSecondGraphConsumer#stopProducing(): codesPerSecond produced 0 samples
2026-09-09 14:18:42,180 INFO o.a.j.r.p.AbstractSampleConsumer: class org.apache.jmeter.report.processor.graph.impl.ResponseTimeVSRequestGraphConsumer#stopProducing(): responseTimeVsRequest produced 0 samples
2026-09-09 14:18:42,180 INFO o.a.j.r.p.AbstractSampleConsumer: class org.apache.jmeter.report.processor.FilterConsumer#stopProducing(): startIntervalControlerFilter produced 280 samples
2026-09-09 14:18:42,180 INFO o.a.j.r.p.AbstractSampleConsumer: class org.apache.jmeter.report.processor.graph.impl.TotalTPSGraphConsumer#stopProducing(): totalTPS produced 0 samples
2026-09-09 14:18:42,180 INFO o.a.j.r.p.AbstractSampleConsumer: class org.apache.jmeter.report.processor.graph.impl.ActiveThreadsGraphConsumer#stopProducing(): activeThreadsOverTime produced 0 samples
2026-09-09 14:18:42,180 INFO o.a.j.r.p.AbstractSampleConsumer: class org.apache.jmeter.report.processor.graph.impl.TimeVSThreadGraphConsumer#stopProducing(): timeVsThreads produced 0 samples
2026-09-09 14:18:42,180 INFO o.a.j.r.p.AbstractSampleConsumer: class org.apache.jmeter.report.processor.graph.impl.ResponseTimeDistributionGraphConsumer#stopProducing(): responseTimeDistribution produced 0 samples
2026-09-09 14:18:42,180 INFO o.a.j.r.p.AbstractSampleConsumer: class org.apache.jmeter.report.processor.graph.impl.TransactionsPerSecondGraphConsumer#stopProducing(): transactionsPerSecond produced 0 samples
2026-09-09 14:18:42,180 INFO o.a.j.r.p.AbstractSampleConsumer: class org.apache.jmeter.report.processor.graph.impl.ResponseTimePercentilesGraphConsumer#stopProducing(): responseTimePercentiles produced 0 samples
2026-09-09 14:18:42,187 INFO o.a.j.r.p.AbstractSampleConsumer: class org.apache.jmeter.report.processor.graph.impl.ResponseTimePercentilesOverTimeGraphConsumer#stopProducing(): responseTimePercentilesOverTime produced 0 samples
2026-09-09 14:18:42,187 INFO o.a.j.r.p.AbstractSampleConsumer: class org.apache.jmeter.report.processor.graph.impl.ResponseTimeOverTimeGraphConsumer#stopProducing(): responseTimesOverTime produced 0 samples
2026-09-09 14:18:42,187 INFO o.a.j.r.p.AbstractSampleConsumer: class org.apache.jmeter.report.processor.graph.impl.ConnectTimeOverTimeGraphConsumer#stopProducing(): connectTimeOverTime produced 0 samples
2026-09-09 14:18:42,187 INFO o.a.j.r.p.AbstractSampleConsumer: class org.apache.jmeter.report.processor.graph.impl.LatencyOverTimeGraphConsumer#stopProducing(): latenciesOverTime produced 0 samples
2026-09-09 14:18:42,187 INFO o.a.j.r.p.AbstractSampleConsumer: class org.apache.jmeter.report.processor.FilterConsumer#stopProducing(): nameFilter produced 600 samples
2026-09-09 14:18:42,187 INFO o.a.j.r.p.AbstractSampleConsumer: class org.apache.jmeter.report.processor.FilterConsumer#stopProducing(): dateRangeFilter produced 120 samples
2026-09-09 14:18:42,187 INFO o.a.j.r.p.AbstractSampleConsumer: class org.apache.jmeter.report.processor.NormalizerSampleConsumer#stopProducing(): normalizer produced 40 samples
2026-09-09 14:18:42,187 INFO o.a.j.r.p.CsvFileSampleSource: produce(): 40 samples produced in 162ms on channel 0
2026-09-09 14:18:42,187 INFO o.a.j.r.d.ReportGenerator: Exporting data using exporter:'json' of className:'org.apache.jmeter.report.dashboard.JsonExporter'
2026-09-09 14:18:42,304 INFO o.a.j.r.d.JsonExporter: Found data for consumer statisticsSummary in context
2026-09-09 14:18:42,304 INFO o.a.j.r.d.JsonExporter: Creating statistics for overall
2026-09-09 14:18:42,309 INFO o.a.j.r.d.JsonExporter: Creating statistics for other transactions
2026-09-09 14:18:42,310 INFO o.a.j.r.d.JsonExporter: Checking output folder
2026-09-09 14:18:42,310 INFO o.a.j.r.d.JsonExporter: Writing statistics JSON to D:\Aplikasi\jmeter\html-report\statistics.json
2026-09-09 14:18:42,382 INFO o.a.j.r.d.ReportGenerator: Exporting data using exporter:'html' of className:'org.apache.jmeter.report.dashboard.HtmlTemplateExporter'
2026-09-09 14:18:42,382 INFO o.a.j.r.d.HtmlTemplateExporter: Will generate dashboard in folder: D:\Aplikasi\jmeter\html-report
2026-09-09 14:18:42,555 INFO o.a.j.r.d.HtmlTemplateExporter: Report will be generated in: D:\Aplikasi\jmeter\html-report, creating folder structure
2026-09-09 14:18:42,560 INFO o.a.j.r.d.TemplateVisitor: Copying folder from 'D:\Aplikasi\jmeter\apache-jmeter-5.6.3\bin\report-template' to 'D:\Aplikasi\jmeter\html-report', got message: D:\Aplikasi\jmeter\html-report, found non empty folder with following content [D:\Aplikasi\jmeter\html-report\statistics.json], will be ignored
2026-09-09 14:18:43,440 INFO o.a.j.JMeter: Dashboard generated
